exports[`Row Should add modificators 1`] = `
<div
  className="row_1h42m3c-o_O-start-xs_3rdg0y-o_O-start-sm_1ldh3ki-o_O-start-md_fj4x30-o_O-start-lg_ryawu1-o_O-center-xs_mtu6d4-o_O-center-sm_iwwg88-o_O-center-md_1ot0lae-o_O-center-lg_1etjbpf-o_O-end-xs_14631b6-o_O-end-sm_q2cvgy-o_O-end-md_1j94qyk-o_O-end-lg_9zgce1-o_O-top-xs_49t7oo-o_O-top-sm_1x0rli0-o_O-top-md_oaclkm-o_O-top-lg_vpci2b-o_O-middle-xs_1moixrt-o_O-middle-sm_ud8m4p-o_O-middle-md_1n5rm93-o_O-middle-lg_a59qqq-o_O-bottom-xs_1f2mvon-o_O-bottom-sm_u2cc2f-o_O-bottom-md_1h3ytbt-o_O-bottom-lg_15y2a4c-o_O-around-xs_1tiygc4-o_O-around-sm_1mg4zr8-o_O-around-md_12d3may-o_O-around-lg_1bsmepb-o_O-between-xs_1sh8tod-o_O-between-sm_a7k699-o_O-between-md_xet343-o_O-between-lg_a8a8xy-o_O-first-xs_1wtolyj-o_O-first-sm_mqk33v-o_O-first-md_1am0ln9-o_O-first-lg_1514zbk-o_O-last-xs_18x3iiu-o_O-last-sm_12eudrq-o_O-last-md_111gg9k-o_O-last-lg_1a8407x" />
`;
