exports[`Row Should add modificators 1`] = `
<div
  className="row_1gqinwe-o_O-start-xs_1vpirt5-o_O-start-sm_11eqh8n-o_O-start-md_a0xzfu-o_O-start-lg_1hawvry-o_O-center-xs_12y3xoe-o_O-center-sm_152rggo-o_O-center-md_1v557ds-o_O-center-lg_kcldts-o_O-end-xs_kx5cr3-o_O-end-sm_m6gj9u-o_O-end-md_4r64ii-o_O-end-lg_z3tua0-o_O-top-xs_jd8lz2-o_O-top-sm_i08js-o_O-top-md_10nwr2r-o_O-top-lg_8k763r-o_O-middle-xs_19zvu2s-o_O-middle-sm_gk67xm-o_O-middle-md_1pdxqm8-o_O-middle-lg_15c15ck-o_O-bottom-xs_1yj652h-o_O-bottom-sm_12olb77-o_O-bottom-md_vplhxy-o_O-bottom-lg_192kqq9-o_O-around-xs_1y4agpg-o_O-around-sm_1k6r59i-o_O-around-md_p9gi4p-o_O-around-lg_a70m97-o_O-between-xs_1178gq1-o_O-between-sm_muwqr3-o_O-between-md_17lhkfy-o_O-between-lg_z13jfy-o_O-first-xs_1y522tc-o_O-first-sm_l70vjv-o_O-first-md_sl9qzq-o_O-first-lg_qf0cu9-o_O-last-xs_1au6crx-o_O-last-sm_ezqnk6-o_O-last-md_197773n-o_O-last-lg_upx7rd" />
`;
