exports[`Row Should add modificators 1`] = `
<div
  className="row_1gqinwe-o_O-start-xs_1vpirt5-o_O-start-sm_1ptp0jb-o_O-start-md_fmzac0-o_O-start-lg_1hawvry-o_O-center-xs_12y3xoe-o_O-center-sm_110p6vt-o_O-center-md_1i40ycx-o_O-center-lg_kcldts-o_O-end-xs_kx5cr3-o_O-end-sm_ryaixr-o_O-end-md_15t63d6-o_O-end-lg_z3tua0-o_O-top-xs_jd8lz2-o_O-top-sm_ny9kax-o_O-top-md_9o84ni-o_O-top-lg_8k763r-o_O-middle-xs_19zvu2s-o_O-middle-sm_uluqnk-o_O-middle-md_1io29e6-o_O-middle-lg_15c15ck-o_O-bottom-xs_1yj652h-o_O-bottom-sm_15cfyhm-o_O-bottom-md_1vuxhu6-o_O-bottom-lg_192kqq9-o_O-around-xs_1y4agpg-o_O-around-sm_6f0yqn-o_O-around-md_vhl43h-o_O-around-lg_a70m97-o_O-between-xs_1178gq1-o_O-between-sm_b88cjn-o_O-between-md_m7gnyt-o_O-between-lg_z13jfy-o_O-first-xs_1y522tc-o_O-first-sm_9xroi3-o_O-first-md_4cwgik-o_O-first-lg_qf0cu9-o_O-last-xs_1au6crx-o_O-last-sm_1ianok-o_O-last-md_1nfee8m-o_O-last-lg_upx7rd" />
`;
